MemTotal:       99163816 kB
MemFree:        89847992 kB
Buffers:         1459900 kB
Cached:          4494040 kB
SwapCached:            0 kB
Active:          2648696 kB
Inactive:        3910952 kB
Active(anon):     605976 kB
Inactive(anon):      212 kB
Active(file):    2042720 kB
Inactive(file):  3910740 kB
Unevictable:           0 kB
Mlocked:               0 kB
SwapTotal:       2097144 kB
SwapFree:        2097144 kB
Dirty:              1700 kB
Writeback:             0 kB
AnonPages:        605772 kB
Mapped:            79576 kB
Shmem:               528 kB
Slab:            1755388 kB
SReclaimable:    1597608 kB
SUnreclaim:       157780 kB
KernelStack:        8240 kB
PageTables:         7444 kB
NFS_Unstable:          0 kB
Bounce:                0 kB
WritebackTmp:          0 kB
CommitLimit:    51679052 kB
Committed_AS:    2865132 kB
VmallocTotal:   34359738367 kB
VmallocUsed:      564356 kB
VmallocChunk:   34359156612 kB
HardwareCorrupted:     0 kB
AnonHugePages:         0 kB
HugePages_Total:       0
HugePages_Free:        0
HugePages_Rsvd:        0
HugePages_Surp:        0
Hugepagesize:       2048 kB
DirectMap4k:        4096 kB
DirectMap2M:     2076672 kB
DirectMap1G:    98566144 kB
